{
    "Should run without failures": {
        "content": [
            [
                [
                    {
                        "sample_id": "Test"
                    },
                    "contigs.fa:md5,d4170bf381ebb86b0cfa02149cb96c91"
                ]
            ]
        ],
        "meta": {
            "nf-test": "0.9.2",
            "nextflow": "25.04.2"
        },
        "timestamp": "2026-03-16T09:26:33.199366405"
    }
}