{
    "Should run without failures": {
        "content": [
            [
                "versions.yml:md5,69a145bbb098a4f438d947ac82e3c4d8"
            ]
        ],
        "meta": {
            "nf-test": "0.9.2",
            "nextflow": "25.10.2"
        },
        "timestamp": "2026-02-03T12:10:15.415329004"
    }
}